// Jest Snapshot v1, https://goo.gl/fbAQLP

exports[`should render add expense page correctly 1`] = `
<div
  className="expense-form"
>
  <div
    className="expense-form__box"
  >
    <h1>
      Add Expense
    </h1>
    <ExpenseForm
      onSubmit={[Function]}
    />
  </div>
</div>
`;
