// Jest Snapshot v1, https://goo.gl/fbAQLP

exports[`should render ExpensesSummary correctly 1`] = `
<div>
  <p>
    Viewing 
     
    expense
     totalling 
    $0.00
  </p>
</div>
`;
